Archive member included to satisfy reference by file (symbol)

c:/ac6/systemworkbench/plugins/fr.ac6.mcu.externaltools.arm-none.win32_1.16.0.201807130628/tools/compiler/bin/../lib/gcc/arm-none-eabi/7.2.1/thumb/v7e-m/fpv4-sp/hard\libgcc.a(_aeabi_uldivmod.o)
                              Drivers/STM32F4xx_HAL_Driver/Src/stm32f4xx_hal_rcc.o (__aeabi_uldivmod)
c:/ac6/systemworkbench/plugins/fr.ac6.mcu.externaltools.arm-none.win32_1.16.0.201807130628/tools/compiler/bin/../lib/gcc/arm-none-eabi/7.2.1/thumb/v7e-m/fpv4-sp/hard\libgcc.a(_udivmoddi4.o)
                              c:/ac6/systemworkbench/plugins/fr.ac6.mcu.externaltools.arm-none.win32_1.16.0.201807130628/tools/compiler/bin/../lib/gcc/arm-none-eabi/7.2.1/thumb/v7e-m/fpv4-sp/hard\libgcc.a(_aeabi_uldivmod.o) (__udivmoddi4)
c:/ac6/systemworkbench/plugins/fr.ac6.mcu.externaltools.arm-none.win32_1.16.0.201807130628/tools/compiler/bin/../lib/gcc/arm-none-eabi/7.2.1/thumb/v7e-m/fpv4-sp/hard\libgcc.a(_dvmd_tls.o)
                              c:/ac6/systemworkbench/plugins/fr.ac6.mcu.externaltools.arm-none.win32_1.16.0.201807130628/tools/compiler/bin/../lib/gcc/arm-none-eabi/7.2.1/thumb/v7e-m/fpv4-sp/hard\libgcc.a(_aeabi_uldivmod.o) (__aeabi_ldiv0)
c:/ac6/systemworkbench/plugins/fr.ac6.mcu.externaltools.arm-none.win32_1.16.0.201807130628/tools/compiler/bin/../lib/gcc/arm-none-eabi/7.2.1/../../../../arm-none-eabi/lib/thumb/v7e-m/fpv4-sp/hard\libc_nano.a(lib_a-exit.o)
                              c:/ac6/systemworkbench/plugins/fr.ac6.mcu.externaltools.arm-none.win32_1.16.0.201807130628/tools/compiler/bin/../lib/gcc/arm-none-eabi/7.2.1/../../../../arm-none-eabi/lib/thumb/v7e-m/fpv4-sp/hard/crt0.o (exit)
c:/ac6/systemworkbench/plugins/fr.ac6.mcu.externaltools.arm-none.win32_1.16.0.201807130628/tools/compiler/bin/../lib/gcc/arm-none-eabi/7.2.1/../../../../arm-none-eabi/lib/thumb/v7e-m/fpv4-sp/hard\libc_nano.a(lib_a-impure.o)
                              c:/ac6/systemworkbench/plugins/fr.ac6.mcu.externaltools.arm-none.win32_1.16.0.201807130628/tools/compiler/bin/../lib/gcc/arm-none-eabi/7.2.1/../../../../arm-none-eabi/lib/thumb/v7e-m/fpv4-sp/hard\libc_nano.a(lib_a-exit.o) (_global_impure_ptr)
c:/ac6/systemworkbench/plugins/fr.ac6.mcu.externaltools.arm-none.win32_1.16.0.201807130628/tools/compiler/bin/../lib/gcc/arm-none-eabi/7.2.1/../../../../arm-none-eabi/lib/thumb/v7e-m/fpv4-sp/hard\libc_nano.a(lib_a-init.o)
                              c:/ac6/systemworkbench/plugins/fr.ac6.mcu.externaltools.arm-none.win32_1.16.0.201807130628/tools/compiler/bin/../lib/gcc/arm-none-eabi/7.2.1/../../../../arm-none-eabi/lib/thumb/v7e-m/fpv4-sp/hard/crt0.o (__libc_init_array)
c:/ac6/systemworkbench/plugins/fr.ac6.mcu.externaltools.arm-none.win32_1.16.0.201807130628/tools/compiler/bin/../lib/gcc/arm-none-eabi/7.2.1/../../../../arm-none-eabi/lib/thumb/v7e-m/fpv4-sp/hard\libc_nano.a(lib_a-memset.o)
                              c:/ac6/systemworkbench/plugins/fr.ac6.mcu.externaltools.arm-none.win32_1.16.0.201807130628/tools/compiler/bin/../lib/gcc/arm-none-eabi/7.2.1/../../../../arm-none-eabi/lib/thumb/v7e-m/fpv4-sp/hard/crt0.o (memset)
c:/ac6/systemworkbench/plugins/fr.ac6.mcu.externaltools.arm-none.win32_1.16.0.201807130628/tools/compiler/bin/../lib/gcc/arm-none-eabi/7.2.1/../../../../arm-none-eabi/lib/thumb/v7e-m/fpv4-sp/hard\libnosys.a(_exit.o)
                              c:/ac6/systemworkbench/plugins/fr.ac6.mcu.externaltools.arm-none.win32_1.16.0.201807130628/tools/compiler/bin/../lib/gcc/arm-none-eabi/7.2.1/../../../../arm-none-eabi/lib/thumb/v7e-m/fpv4-sp/hard\libc_nano.a(lib_a-exit.o) (_exit)

Allocating common symbols
Common symbol       size              file

retSD               0x1               Src/fatfs.o
FatFs               0x230             Src/main.o
uwTick              0x4               Drivers/STM32F4xx_HAL_Driver/Src/stm32f4xx_hal.o
pFlash              0x20              Drivers/STM32F4xx_HAL_Driver/Src/stm32f4xx_hal_flash.o
SDPath              0x4               Src/fatfs.o
hsd                 0x84              Src/main.o
result              0x1               Src/main.o
SDFile              0x230             Src/fatfs.o
fil                 0x230             Src/main.o
SDFatFS             0x230             Src/fatfs.o

Discarded input sections

 .text          0x00000000        0x0 c:/ac6/systemworkbench/plugins/fr.ac6.mcu.externaltools.arm-none.win32_1.16.0.201807130628/tools/compiler/bin/../lib/gcc/arm-none-eabi/7.2.1/thumb/v7e-m/fpv4-sp/hard/crti.o
 .data          0x00000000        0x0 c:/ac6/systemworkbench/plugins/fr.ac6.mcu.externaltools.arm-none.win32_1.16.0.201807130628/tools/compiler/bin/../lib/gcc/arm-none-eabi/7.2.1/thumb/v7e-m/fpv4-sp/hard/crti.o
 .bss           0x00000000        0x0 c:/ac6/systemworkbench/plugins/fr.ac6.mcu.externaltools.arm-none.win32_1.16.0.201807130628/tools/compiler/bin/../lib/gcc/arm-none-eabi/7.2.1/thumb/v7e-m/fpv4-sp/hard/crti.o
[...]
Memory Configuration

Name             Origin             Length             Attributes
RAM              0x20000000         0x00018000         xrw
FLASH            0x08000000         0x00080000         xr
*default*        0x00000000         0xffffffff

Linker script and memory map

LOAD c:/ac6/systemworkbench/plugins/fr.ac6.mcu.externaltools.arm-none.win32_1.16.0.201807130628/tools/compiler/bin/../lib/gcc/arm-none-eabi/7.2.1/thumb/v7e-m/fpv4-sp/hard/crti.o
LOAD c:/ac6/systemworkbench/plugins/fr.ac6.mcu.externaltools.arm-none.win32_1.16.0.201807130628/tools/compiler/bin/../lib/gcc/arm-none-eabi/7.2.1/thumb/v7e-m/fpv4-sp/hard/crtbegin.o
LOAD c:/ac6/systemworkbench/plugins/fr.ac6.mcu.externaltools.arm-none.win32_1.16.0.201807130628/tools/compiler/bin/../lib/gcc/arm-none-eabi/7.2.1/../../../../arm-none-eabi/lib/thumb/v7e-m/fpv4-sp/hard/crt0.o
LOAD Drivers/STM32F4xx_HAL_Driver/Src/stm32f4xx_hal.o
LOAD Drivers/STM32F4xx_HAL_Driver/Src/stm32f4xx_hal_cortex.o
LOAD Drivers/STM32F4xx_HAL_Driver/Src/stm32f4xx_hal_dma.o
LOAD Drivers/STM32F4xx_HAL_Driver/Src/stm32f4xx_hal_dma_ex.o
LOAD Drivers/STM32F4xx_HAL_Driver/Src/stm32f4xx_hal_flash.o
LOAD Drivers/STM32F4xx_HAL_Driver/Src/stm32f4xx_hal_flash_ex.o
LOAD Drivers/STM32F4xx_HAL_Driver/Src/stm32f4xx_hal_flash_ramfunc.o
LOAD Drivers/STM32F4xx_HAL_Driver/Src/stm32f4xx_hal_gpio.o
LOAD Drivers/STM32F4xx_HAL_Driver/Src/stm32f4xx_hal_pwr.o
LOAD Drivers/STM32F4xx_HAL_Driver/Src/stm32f4xx_hal_pwr_ex.o
LOAD Drivers/STM32F4xx_HAL_Driver/Src/stm32f4xx_hal_rcc.o
LOAD Drivers/STM32F4xx_HAL_Driver/Src/stm32f4xx_hal_rcc_ex.o
LOAD Drivers/STM32F4xx_HAL_Driver/Src/stm32f4xx_hal_sd.o
LOAD Drivers/STM32F4xx_HAL_Driver/Src/stm32f4xx_hal_tim.o
LOAD Drivers/STM32F4xx_HAL_Driver/Src/stm32f4xx_hal_tim_ex.o
LOAD Drivers/STM32F4xx_HAL_Driver/Src/stm32f4xx_ll_sdmmc.o
LOAD Middlewares/Third_Party/FatFs/src/diskio.o
LOAD Middlewares/Third_Party/FatFs/src/ff.o
LOAD Middlewares/Third_Party/FatFs/src/ff_gen_drv.o
LOAD Middlewares/Third_Party/FatFs/src/option/syscall.o
LOAD Src/bsp_driver_sd.o
LOAD Src/fatfs.o
LOAD Src/main.o
LOAD Src/sd_diskio.o
LOAD Src/stm32f4xx_hal_msp.o
LOAD Src/stm32f4xx_it.o
LOAD Src/system_stm32f4xx.o
LOAD startup/startup_stm32f401xe.o
LOAD c:/ac6/systemworkbench/plugins/fr.ac6.mcu.externaltools.arm-none.win32_1.16.0.201807130628/tools/compiler/bin/../lib/gcc/arm-none-eabi/7.2.1/../../../../arm-none-eabi/lib/thumb/v7e-m/fpv4-sp/hard\libm.a
START GROUP
LOAD c:/ac6/systemworkbench/plugins/fr.ac6.mcu.externaltools.arm-none.win32_1.16.0.201807130628/tools/compiler/bin/../lib/gcc/arm-none-eabi/7.2.1/thumb/v7e-m/fpv4-sp/hard\libgcc.a
LOAD c:/ac6/systemworkbench/plugins/fr.ac6.mcu.externaltools.arm-none.win32_1.16.0.201807130628/tools/compiler/bin/../lib/gcc/arm-none-eabi/7.2.1/../../../../arm-none-eabi/lib/thumb/v7e-m/fpv4-sp/hard\libc_nano.a
END GROUP
START GROUP
LOAD c:/ac6/systemworkbench/plugins/fr.ac6.mcu.externaltools.arm-none.win32_1.16.0.201807130628/tools/compiler/bin/../lib/gcc/arm-none-eabi/7.2.1/thumb/v7e-m/fpv4-sp/hard\libgcc.a
LOAD c:/ac6/systemworkbench/plugins/fr.ac6.mcu.externaltools.arm-none.win32_1.16.0.201807130628/tools/compiler/bin/../lib/gcc/arm-none-eabi/7.2.1/../../../../arm-none-eabi/lib/thumb/v7e-m/fpv4-sp/hard\libc_nano.a
LOAD c:/ac6/systemworkbench/plugins/fr.ac6.mcu.externaltools.arm-none.win32_1.16.0.201807130628/tools/compiler/bin/../lib/gcc/arm-none-eabi/7.2.1/../../../../arm-none-eabi/lib/thumb/v7e-m/fpv4-sp/hard\libnosys.a
END GROUP
START GROUP
LOAD c:/ac6/systemworkbench/plugins/fr.ac6.mcu.externaltools.arm-none.win32_1.16.0.201807130628/tools/compiler/bin/../lib/gcc/arm-none-eabi/7.2.1/thumb/v7e-m/fpv4-sp/hard\libgcc.a
LOAD c:/ac6/systemworkbench/plugins/fr.ac6.mcu.externaltools.arm-none.win32_1.16.0.201807130628/tools/compiler/bin/../lib/gcc/arm-none-eabi/7.2.1/../../../../arm-none-eabi/lib/thumb/v7e-m/fpv4-sp/hard\libc_nano.a
LOAD c:/ac6/systemworkbench/plugins/fr.ac6.mcu.externaltools.arm-none.win32_1.16.0.201807130628/tools/compiler/bin/../lib/gcc/arm-none-eabi/7.2.1/../../../../arm-none-eabi/lib/thumb/v7e-m/fpv4-sp/hard\libnosys.a
END GROUP
LOAD c:/ac6/systemworkbench/plugins/fr.ac6.mcu.externaltools.arm-none.win32_1.16.0.201807130628/tools/compiler/bin/../lib/gcc/arm-none-eabi/7.2.1/thumb/v7e-m/fpv4-sp/hard/crtend.o
LOAD c:/ac6/systemworkbench/plugins/fr.ac6.mcu.externaltools.arm-none.win32_1.16.0.201807130628/tools/compiler/bin/../lib/gcc/arm-none-eabi/7.2.1/thumb/v7e-m/fpv4-sp/hard/crtn.o
                0x20018000                _estack = 0x20018000
                0x00000200                _Min_Heap_Size = 0x200
                0x00000400                _Min_Stack_Size = 0x400

.isr_vector     0x08000000      0x194
                0x08000000                . = ALIGN (0x4)
 *(.isr_vector)
 .isr_vector    0x08000000      0x194 startup/startup_stm32f401xe.o
                0x08000000                g_pfnVectors
                0x08000194                . = ALIGN (0x4)

.text           0x08000194     0x36e0
                0x08000194                . = ALIGN (0x4)
 *(.text)
 .text          0x08000194       0x40 c:/ac6/systemworkbench/plugins/fr.ac6.mcu.externaltools.arm-none.win32_1.16.0.201807130628/tools/compiler/bin/../lib/gcc/arm-none-eabi/7.2.1/thumb/v7e-m/fpv4-sp/hard/crtbegin.o
 .text          0x080001d4       0x30 c:/ac6/systemworkbench/plugins/fr.ac6.mcu.externaltools.arm-none.win32_1.16.0.201807130628/tools/compiler/bin/../lib/gcc/arm-none-eabi/7.2.1/thumb/v7e-m/fpv4-sp/hard\libgcc.a(_aeabi_uldivmod.o)
                0x080001d4                __aeabi_uldivmod
 .text          0x08000204      0x2cc c:/ac6/systemworkbench/plugins/fr.ac6.mcu.externaltools.arm-none.win32_1.16.0.201807130628/tools/compiler/bin/../lib/gcc/arm-none-eabi/7.2.1/thumb/v7e-m/fpv4-sp/hard\libgcc.a(_udivmoddi4.o)
                0x08000204                __udivmoddi4
 .text          0x080004d0        0x4 c:/ac6/systemworkbench/plugins/fr.ac6.mcu.externaltools.arm-none.win32_1.16.0.201807130628/tools/compiler/bin/../lib/gcc/arm-none-eabi/7.2.1/thumb/v7e-m/fpv4-sp/hard\libgcc.a(_dvmd_tls.o)
                0x080004d0                __aeabi_idiv0
                0x080004d0                __aeabi_ldiv0
 *(.text*)
 .text.HAL_InitTick
                0x080004d4       0x48 Drivers/STM32F4xx_HAL_Driver/Src/stm32f4xx_hal.o
                0x080004d4                HAL_InitTick
 .text.HAL_Init
                0x0800051c       0x34 Drivers/STM32F4xx_HAL_Driver/Src/stm32f4xx_hal.o
                0x0800051c                HAL_Init
 .text.HAL_IncTick
                0x08000550       0x18 Drivers/STM32F4xx_HAL_Driver/Src/stm32f4xx_hal.o
                0x08000550                HAL_IncTick
 .text.HAL_GetTick
                0x08000568        0xc Drivers/STM32F4xx_HAL_Driver/Src/stm32f4xx_hal.o
                0x08000568                HAL_GetTick
 .text.HAL_Delay
                0x08000574       0x28 Drivers/STM32F4xx_HAL_Driver/Src/stm32f4xx_hal.o
                0x08000574                HAL_Delay
 .text.HAL_NVIC_SetPriorityGrouping
                0x0800059c       0x24 Drivers/STM32F4xx_HAL_Driver/Src/stm32f4xx_hal_cortex.o
                0x0800059c                HAL_NVIC_SetPriorityGrouping
 .text.HAL_NVIC_SetPriority
                0x080005c0       0x68 Drivers/STM32F4xx_HAL_Driver/Src/stm32f4xx_hal_cortex.o
                0x080005c0                HAL_NVIC_SetPriority
 .text.HAL_SYSTICK_Config
                0x08000628       0x2c Drivers/STM32F4xx_HAL_Driver/Src/stm32f4xx_hal_cortex.o
                0x08000628                HAL_SYSTICK_Config
 .text.HAL_SYSTICK_CLKSourceConfig
                0x08000654       0x20 Drivers/STM32F4xx_HAL_Driver/Src/stm32f4xx_hal_cortex.o
                0x08000654                HAL_SYSTICK_CLKSourceConfig
 .text.HAL_SYSTICK_Callback
                0x08000674        0x2 Drivers/STM32F4xx_HAL_Driver/Src/stm32f4xx_hal_cortex.o
                0x08000674                HAL_SYSTICK_Callback
 .text.HAL_SYSTICK_IRQHandler
                0x08000676        0x8 Drivers/STM32F4xx_HAL_Driver/Src/stm32f4xx_hal_cortex.o
                0x08000676                HAL_SYSTICK_IRQHandler
 *fill*         0x0800067e        0x2 
 .text.HAL_GPIO_Init
                0x08000680      0x1a4 Drivers/STM32F4xx_HAL_Driver/Src/stm32f4xx_hal_gpio.o
                0x08000680                HAL_GPIO_Init
 .text.HAL_RCC_OscConfig
                0x08000824      0x398 Drivers/STM32F4xx_HAL_Driver/Src/stm32f4xx_hal_rcc.o
                0x08000824                HAL_RCC_OscConfig
 .text.HAL_RCC_GetSysClockFreq
                0x08000bbc       0xd8 Drivers/STM32F4xx_HAL_Driver/Src/stm32f4xx_hal_rcc.o
                0x08000bbc                HAL_RCC_GetSysClockFreq
 .text.HAL_RCC_ClockConfig
                0x08000c94      0x158 Drivers/STM32F4xx_HAL_Driver/Src/stm32f4xx_hal_rcc.o
                0x08000c94                HAL_RCC_ClockConfig
 .text.HAL_RCC_GetHCLKFreq
                0x08000dec        0xc Drivers/STM32F4xx_HAL_Driver/Src/stm32f4xx_hal_rcc.o
                0x08000dec                HAL_RCC_GetHCLKFreq
 .text.SD_PowerON
                0x08000df8       0xdc Drivers/STM32F4xx_HAL_Driver/Src/stm32f4xx_hal_sd.o
 .text.SD_SendStatus
                0x08000ed4       0x2c Drivers/STM32F4xx_HAL_Driver/Src/stm32f4xx_hal_sd.o
 .text.HAL_SD_ReadBlocks
                0x08000f00      0x21a Drivers/STM32F4xx_HAL_Driver/Src/stm32f4xx_hal_sd.o
                0x08000f00                HAL_SD_ReadBlocks
 .text.HAL_SD_WriteBlocks
                0x0800111a      0x1de Drivers/STM32F4xx_HAL_Driver/Src/stm32f4xx_hal_sd.o
                0x0800111a                HAL_SD_WriteBlocks
 .text.HAL_SD_GetCardCSD
                0x080012f8      0x1e2 Drivers/STM32F4xx_HAL_Driver/Src/stm32f4xx_hal_sd.o
                0x080012f8                HAL_SD_GetCardCSD
 .text.SD_InitCard
                0x080014da       0xf6 Drivers/STM32F4xx_HAL_Driver/Src/stm32f4xx_hal_sd.o
 .text.HAL_SD_InitCard
                0x080015d0       0x78 Drivers/STM32F4xx_HAL_Driver/Src/stm32f4xx_hal_sd.o
                0x080015d0                HAL_SD_InitCard
 .text.HAL_SD_Init
                0x08001648       0x32 Drivers/STM32F4xx_HAL_Driver/Src/stm32f4xx_hal_sd.o
                0x08001648                HAL_SD_Init
 .text.HAL_SD_GetCardInfo
                0x0800167a       0x24 Drivers/STM32F4xx_HAL_Driver/Src/stm32f4xx_hal_sd.o
                0x0800167a                HAL_SD_GetCardInfo
 .text.HAL_SD_GetCardState
                0x0800169e       0x26 Drivers/STM32F4xx_HAL_Driver/Src/stm32f4xx_hal_sd.o
                0x0800169e                HAL_SD_GetCardState
 .text.SDMMC_GetCmdError
                0x080016c4       0x3c Drivers/STM32F4xx_HAL_Driver/Src/stm32f4xx_ll_sdmmc.o
 .text.SDMMC_GetCmdResp2
                0x08001700       0x5c Drivers/STM32F4xx_HAL_Driver/Src/stm32f4xx_ll_sdmmc.o
 .text.SDMMC_GetCmdResp3
                0x0800175c       0x4c Drivers/STM32F4xx_HAL_Driver/Src/stm32f4xx_ll_sdmmc.o
 .text.SDMMC_GetCmdResp7
                0x080017a8       0x54 Drivers/STM32F4xx_HAL_Driver/Src/stm32f4xx_ll_sdmmc.o
 .text.SDIO_Init
                0x080017fc       0x38 Drivers/STM32F4xx_HAL_Driver/Src/stm32f4xx_ll_sdmmc.o
                0x080017fc                SDIO_Init
 .text.SDIO_ReadFIFO
                0x08001834        0x6 Drivers/STM32F4xx_HAL_Driver/Src/stm32f4xx_ll_sdmmc.o
                0x08001834                SDIO_ReadFIFO
 .text.SDIO_WriteFIFO
                0x0800183a        0xa Drivers/STM32F4xx_HAL_Driver/Src/stm32f4xx_ll_sdmmc.o
                0x0800183a                SDIO_WriteFIFO
 .text.SDIO_PowerState_ON
                0x08001844        0x8 Drivers/STM32F4xx_HAL_Driver/Src/stm32f4xx_ll_sdmmc.o
                0x08001844                SDIO_PowerState_ON
 .text.SDIO_GetPowerState
                0x0800184c        0x8 Drivers/STM32F4xx_HAL_Driver/Src/stm32f4xx_ll_sdmmc.o
                0x0800184c                SDIO_GetPowerState
 .text.SDIO_SendCommand
                0x08001854       0x24 Drivers/STM32F4xx_HAL_Driver/Src/stm32f4xx_ll_sdmmc.o
                0x08001854                SDIO_SendCommand
 .text.SDIO_GetCommandResponse
                0x08001878        0x6 Drivers/STM32F4xx_HAL_Driver/Src/stm32f4xx_ll_sdmmc.o
                0x08001878                SDIO_GetCommandResponse
 .text.SDIO_GetResponse
                0x0800187e       0x14 Drivers/STM32F4xx_HAL_Driver/Src/stm32f4xx_ll_sdmmc.o
                0x0800187e                SDIO_GetResponse
 *fill*         0x08001892        0x2 
 .text.SDMMC_GetCmdResp1
                0x08001894      0x154 Drivers/STM32F4xx_HAL_Driver/Src/stm32f4xx_ll_sdmmc.o
 .text.SDMMC_GetCmdResp6
                0x080019e8       0xa0 Drivers/STM32F4xx_HAL_Driver/Src/stm32f4xx_ll_sdmmc.o
 .text.SDIO_ConfigData
                0x08001a88       0x24 Drivers/STM32F4xx_HAL_Driver/Src/stm32f4xx_ll_sdmmc.o
                0x08001a88                SDIO_ConfigData
 .text.SDMMC_CmdBlockLength
                0x08001aac       0x30 Drivers/STM32F4xx_HAL_Driver/Src/stm32f4xx_ll_sdmmc.o
                0x08001aac                SDMMC_CmdBlockLength
 .text.SDMMC_CmdReadSingleBlock
                0x08001adc       0x30 Drivers/STM32F4xx_HAL_Driver/Src/stm32f4xx_ll_sdmmc.o
                0x08001adc                SDMMC_CmdReadSingleBlock
 .text.SDMMC_CmdReadMultiBlock
                0x08001b0c       0x30 Drivers/STM32F4xx_HAL_Driver/Src/stm32f4xx_ll_sdmmc.o
                0x08001b0c                SDMMC_CmdReadMultiBlock
 .text.SDMMC_CmdWriteSingleBlock
                0x08001b3c       0x30 Drivers/STM32F4xx_HAL_Driver/Src/stm32f4xx_ll_sdmmc.o
                0x08001b3c                SDMMC_CmdWriteSingleBlock
 .text.SDMMC_CmdWriteMultiBlock
                0x08001b6c       0x30 Drivers/STM32F4xx_HAL_Driver/Src/stm32f4xx_ll_sdmmc.o
                0x08001b6c                SDMMC_CmdWriteMultiBlock
 .text.SDMMC_CmdStopTransfer
                0x08001b9c       0x34 Drivers/STM32F4xx_HAL_Driver/Src/stm32f4xx_ll_sdmmc.o
                0x08001b9c                SDMMC_CmdStopTransfer
 .text.SDMMC_CmdSelDesel
                0x08001bd0       0x30 Drivers/STM32F4xx_HAL_Driver/Src/stm32f4xx_ll_sdmmc.o
                0x08001bd0                SDMMC_CmdSelDesel
 .text.SDMMC_CmdGoIdleState
                0x08001c00       0x26 Drivers/STM32F4xx_HAL_Driver/Src/stm32f4xx_ll_sdmmc.o
                0x08001c00                SDMMC_CmdGoIdleState
 .text.SDMMC_CmdOperCond
                0x08001c26       0x2e Drivers/STM32F4xx_HAL_Driver/Src/stm32f4xx_ll_sdmmc.o
                0x08001c26                SDMMC_CmdOperCond
 .text.SDMMC_CmdAppCommand
                0x08001c54       0x30 Drivers/STM32F4xx_HAL_Driver/Src/stm32f4xx_ll_sdmmc.o
                0x08001c54                SDMMC_CmdAppCommand
 .text.SDMMC_CmdAppOperCommand
                0x08001c84       0x32 Drivers/STM32F4xx_HAL_Driver/Src/stm32f4xx_ll_sdmmc.o
                0x08001c84                SDMMC_CmdAppOperCommand
 .text.SDMMC_CmdSendCID
                0x08001cb6       0x2a Drivers/STM32F4xx_HAL_Driver/Src/stm32f4xx_ll_sdmmc.o
                0x08001cb6                SDMMC_CmdSendCID
 .text.SDMMC_CmdSendCSD
                0x08001ce0       0x2a Drivers/STM32F4xx_HAL_Driver/Src/stm32f4xx_ll_sdmmc.o
                0x08001ce0                SDMMC_CmdSendCSD
 .text.SDMMC_CmdSetRelAdd
                0x08001d0a       0x30 Drivers/STM32F4xx_HAL_Driver/Src/stm32f4xx_ll_sdmmc.o
                0x08001d0a                SDMMC_CmdSetRelAdd
 .text.SDMMC_CmdSendStatus
                0x08001d3a       0x30 Drivers/STM32F4xx_HAL_Driver/Src/stm32f4xx_ll_sdmmc.o
                0x08001d3a                SDMMC_CmdSendStatus
 *fill*         0x08001d6a        0x2 
 .text.disk_status
                0x08001d6c       0x18 Middlewares/Third_Party/FatFs/src/diskio.o
                0x08001d6c                disk_status
 .text.disk_initialize
                0x08001d84       0x28 Middlewares/Third_Party/FatFs/src/diskio.o
                0x08001d84                disk_initialize
 .text.disk_read
                0x08001dac       0x18 Middlewares/Third_Party/FatFs/src/diskio.o
                0x08001dac                disk_read
 .text.disk_write
                0x08001dc4       0x18 Middlewares/Third_Party/FatFs/src/diskio.o
                0x08001dc4                disk_write
 .text.disk_ioctl
                0x08001ddc       0x18 Middlewares/Third_Party/FatFs/src/diskio.o
                0x08001ddc                disk_ioctl
 .text.ld_word  0x08001df4        0xa Middlewares/Third_Party/FatFs/src/ff.o
 .text.ld_dword
                0x08001dfe       0x16 Middlewares/Third_Party/FatFs/src/ff.o
 .text.st_word  0x08001e14        0x8 Middlewares/Third_Party/FatFs/src/ff.o
 .text.st_dword
                0x08001e1c       0x14 Middlewares/Third_Party/FatFs/src/ff.o
 .text.mem_cpy  0x08001e30       0x12 Middlewares/Third_Party/FatFs/src/ff.o
 .text.mem_set  0x08001e42        0xa Middlewares/Third_Party/FatFs/src/ff.o
 .text.mem_cmp  0x08001e4c       0x1e Middlewares/Third_Party/FatFs/src/ff.o
 .text.chk_chr  0x08001e6a       0x10 Middlewares/Third_Party/FatFs/src/ff.o
 *fill*         0x08001e7a        0x2 
 .text.chk_lock
                0x08001e7c       0x74 Middlewares/Third_Party/FatFs/src/ff.o
 .text.enq_lock
                0x08001ef0       0x20 Middlewares/Third_Party/FatFs/src/ff.o
 .text.inc_lock
                0x08001f10       0xa4 Middlewares/Third_Party/FatFs/src/ff.o
 .text.dec_lock
                0x08001fb4       0x40 Middlewares/Third_Party/FatFs/src/ff.o
 .text.clear_lock
                0x08001ff4       0x3c Middlewares/Third_Party/FatFs/src/ff.o
 .text.clust2sect
                0x08002030       0x18 Middlewares/Third_Party/FatFs/src/ff.o
 .text.clmt_clust
                0x08002048       0x22 Middlewares/Third_Party/FatFs/src/ff.o
 .text.ld_clust
                0x0800206a       0x26 Middlewares/Third_Party/FatFs/src/ff.o
 .text.st_clust
                0x08002090       0x26 Middlewares/Third_Party/FatFs/src/ff.o
 *fill*         0x080020b6        0x2 
 .text.create_name
                0x080020b8       0xcc Middlewares/Third_Party/FatFs/src/ff.o
 .text.get_ldnumber
                0x08002184       0x54 Middlewares/Third_Party/FatFs/src/ff.o
 .text.putc_init
                0x080021d8        0xa Middlewares/Third_Party/FatFs/src/ff.o
 .text.validate
                0x080021e2       0x34 Middlewares/Third_Party/FatFs/src/ff.o
 .text.sync_window
                0x08002216       0x54 Middlewares/Third_Party/FatFs/src/ff.o
 .text.move_window
                0x0800226a       0x34 Middlewares/Third_Party/FatFs/src/ff.o
 *fill*         0x0800229e        0x2 
 .text.check_fs
                0x080022a0       0x7c Middlewares/Third_Party/FatFs/src/ff.o
 .text.find_volume
                0x0800231c      0x304 Middlewares/Third_Party/FatFs/src/ff.o
 .text.put_fat  0x08002620      0x10a Middlewares/Third_Party/FatFs/src/ff.o
 .text.get_fat  0x0800272a       0xd0 Middlewares/Third_Party/FatFs/src/ff.o
 .text.dir_sdi  0x080027fa       0xa2 Middlewares/Third_Party/FatFs/src/ff.o
 .text.create_chain
                0x0800289c       0xc4 Middlewares/Third_Party/FatFs/src/ff.o
 .text.remove_chain
                0x08002960       0x88 Middlewares/Third_Party/FatFs/src/ff.o
 .text.dir_next
                0x080029e8      0x10c Middlewares/Third_Party/FatFs/src/ff.o
 .text.dir_find
                0x08002af4       0x5a Middlewares/Third_Party/FatFs/src/ff.o
 .text.follow_path
                0x08002b4e       0x8c Middlewares/Third_Party/FatFs/src/ff.o
 .text.dir_alloc
                0x08002bda       0x50 Middlewares/Third_Party/FatFs/src/ff.o
 .text.dir_register
                0x08002c2a       0x3e Middlewares/Third_Party/FatFs/src/ff.o
 .text.sync_fs  0x08002c68       0x8c Middlewares/Third_Party/FatFs/src/ff.o
 .text.f_mount  0x08002cf4       0x64 Middlewares/Third_Party/FatFs/src/ff.o
                0x08002cf4                f_mount
 .text.f_open   0x08002d58      0x228 Middlewares/Third_Party/FatFs/src/ff.o
                0x08002d58                f_open
 .text.f_write  0x08002f80      0x1c6 Middlewares/Third_Party/FatFs/src/ff.o
                0x08002f80                f_write
 .text.putc_bfd
                0x08003146       0x4e Middlewares/Third_Party/FatFs/src/ff.o
 .text.putc_flush
                0x08003194       0x3a Middlewares/Third_Party/FatFs/src/ff.o
 .text.f_sync   0x080031ce       0xa0 Middlewares/Third_Party/FatFs/src/ff.o
                0x080031ce                f_sync
 .text.f_close  0x0800326e       0x34 Middlewares/Third_Party/FatFs/src/ff.o
                0x0800326e                f_close
 .text.f_puts   0x080032a2       0x26 Middlewares/Third_Party/FatFs/src/ff.o
                0x080032a2                f_puts
 .text.FATFS_LinkDriverEx
                0x080032c8       0x48 Middlewares/Third_Party/FatFs/src/ff_gen_drv.o
                0x080032c8                FATFS_LinkDriverEx
 .text.FATFS_LinkDriver
                0x08003310        0xa Middlewares/Third_Party/FatFs/src/ff_gen_drv.o
                0x08003310                FATFS_LinkDriver
 *fill*         0x0800331a        0x2 
 .text.BSP_SD_ReadBlocks
                0x0800331c       0x20 Src/bsp_driver_sd.o
                0x0800331c                BSP_SD_ReadBlocks
 .text.BSP_SD_WriteBlocks
                0x0800333c       0x20 Src/bsp_driver_sd.o
                0x0800333c                BSP_SD_WriteBlocks
 .text.BSP_SD_GetCardState
                0x0800335c       0x14 Src/bsp_driver_sd.o
                0x0800335c                BSP_SD_GetCardState
 .text.BSP_SD_GetCardInfo
                0x08003370       0x10 Src/bsp_driver_sd.o
                0x08003370                BSP_SD_GetCardInfo
 .text.BSP_SD_IsDetected
                0x08003380       0x10 Src/bsp_driver_sd.o
                0x08003380                BSP_SD_IsDetected
 .text.BSP_SD_Init
                0x08003390       0x1c Src/bsp_driver_sd.o
                0x08003390                BSP_SD_Init
 .text.MX_FATFS_Init
                0x080033ac       0x1c Src/fatfs.o
                0x080033ac                MX_FATFS_Init
 .text.get_fattime
                0x080033c8        0x4 Src/fatfs.o
                0x080033c8                get_fattime
 .text.MX_SDIO_SD_Init
                0x080033cc       0x20 Src/main.o
 .text.MX_GPIO_Init
                0x080033ec       0x4c Src/main.o
 .text._Error_Handler
                0x08003438        0x2 Src/main.o
                0x08003438                _Error_Handler
 *fill*         0x0800343a        0x2 
 .text.SystemClock_Config
                0x0800343c       0xc4 Src/main.o
                0x0800343c                SystemClock_Config
 .text.main     0x08003500       0x68 Src/main.o
                0x08003500                main
 .text.SD_CheckStatus
                0x08003568       0x24 Src/sd_diskio.o
 .text.SD_initialize
                0x0800358c       0x28 Src/sd_diskio.o
                0x0800358c                SD_initialize
 .text.SD_status
                0x080035b4        0x8 Src/sd_diskio.o
                0x080035b4                SD_status
 .text.SD_read  0x080035bc       0x20 Src/sd_diskio.o
                0x080035bc                SD_read
 .text.SD_write
                0x080035dc       0x20 Src/sd_diskio.o
                0x080035dc                SD_write
 .text.SD_ioctl
                0x080035fc       0x5c Src/sd_diskio.o
                0x080035fc                SD_ioctl
 .text.HAL_MspInit
                0x08003658       0x94 Src/stm32f4xx_hal_msp.o
                0x08003658                HAL_MspInit
 .text.HAL_SD_MspInit
                0x080036ec       0x6c Src/stm32f4xx_hal_msp.o
                0x080036ec                HAL_SD_MspInit
 .text.NMI_Handler
                0x08003758        0x2 Src/stm32f4xx_it.o
                0x08003758                NMI_Handler
 .text.HardFault_Handler
                0x0800375a        0x2 Src/stm32f4xx_it.o
                0x0800375a                HardFault_Handler
 .text.MemManage_Handler
                0x0800375c        0x2 Src/stm32f4xx_it.o
                0x0800375c                MemManage_Handler
 .text.BusFault_Handler
                0x0800375e        0x2 Src/stm32f4xx_it.o
                0x0800375e                BusFault_Handler
 .text.UsageFault_Handler
                0x08003760        0x2 Src/stm32f4xx_it.o
                0x08003760                UsageFault_Handler
 .text.SVC_Handler
                0x08003762        0x2 Src/stm32f4xx_it.o
                0x08003762                SVC_Handler
 .text.DebugMon_Handler
                0x08003764        0x2 Src/stm32f4xx_it.o
                0x08003764                DebugMon_Handler
 .text.PendSV_Handler
                0x08003766        0x2 Src/stm32f4xx_it.o
                0x08003766                PendSV_Handler
 .text.SysTick_Handler
                0x08003768        0xc Src/stm32f4xx_it.o
                0x08003768                SysTick_Handler
 .text.SystemInit
                0x08003774       0x4c Src/system_stm32f4xx.o
                0x08003774                SystemInit
 .text.Reset_Handler
                0x080037c0       0x50 startup/startup_stm32f401xe.o
                0x080037c0                Reset_Handler
 .text.Default_Handler
                0x08003810        0x2 startup/startup_stm32f401xe.o
                0x08003810                RTC_Alarm_IRQHandler
                0x08003810                EXTI2_IRQHandler
                0x08003810                SPI4_IRQHandler
                0x08003810                TIM1_CC_IRQHandler
                0x08003810                DMA2_Stream5_IRQHandler
                0x08003810                DMA1_Stream5_IRQHandler
                0x08003810                PVD_IRQHandler
                0x08003810                SDIO_IRQHandler
                0x08003810                TAMP_STAMP_IRQHandler
                0x08003810                EXTI3_IRQHandler
                0x08003810                TIM1_UP_TIM10_IRQHandler
                0x08003810                I2C3_ER_IRQHandler
                0x08003810                EXTI0_IRQHandler
                0x08003810                I2C2_EV_IRQHandler
                0x08003810                DMA1_Stream2_IRQHandler
                0x08003810                FPU_IRQHandler
                0x08003810                DMA2_Stream2_IRQHandler
                0x08003810                SPI1_IRQHandler
                0x08003810                TIM1_BRK_TIM9_IRQHandler
                0x08003810                DMA2_Stream3_IRQHandler
                0x08003810                USART6_IRQHandler
                0x08003810                DMA2_Stream0_IRQHandler
                0x08003810                TIM4_IRQHandler
                0x08003810                I2C1_EV_IRQHandler
                0x08003810                DMA1_Stream6_IRQHandler
                0x08003810                DMA1_Stream1_IRQHandler
                0x08003810                TIM3_IRQHandler
                0x08003810                RCC_IRQHandler
                0x08003810                Default_Handler
                0x08003810                EXTI15_10_IRQHandler
                0x08003810                ADC_IRQHandler
                0x08003810                DMA1_Stream7_IRQHandler
                0x08003810                TIM5_IRQHandler
                0x08003810                DMA2_Stream7_IRQHandler
                0x08003810                I2C3_EV_IRQHandler
                0x08003810                EXTI9_5_IRQHandler
                0x08003810                RTC_WKUP_IRQHandler
                0x08003810                SPI2_IRQHandler
                0x08003810                DMA1_Stream0_IRQHandler
                0x08003810                EXTI4_IRQHandler
                0x08003810                WWDG_IRQHandler
                0x08003810                TIM2_IRQHandler
                0x08003810                OTG_FS_WKUP_IRQHandler
                0x08003810                TIM1_TRG_COM_TIM11_IRQHandler
                0x08003810                EXTI1_IRQHandler
                0x08003810                USART2_IRQHandler
                0x08003810                I2C2_ER_IRQHandler
                0x08003810                DMA2_Stream1_IRQHandler
                0x08003810                FLASH_IRQHandler
                0x08003810                DMA2_Stream4_IRQHandler
                0x08003810                USART1_IRQHandler
                0x08003810                OTG_FS_IRQHandler
                0x08003810                SPI3_IRQHandler
                0x08003810                DMA1_Stream4_IRQHandler
                0x08003810                I2C1_ER_IRQHandler
                0x08003810                DMA2_Stream6_IRQHandler
                0x08003810                DMA1_Stream3_IRQHandler
 *fill*         0x08003812        0x2 
 .text.__libc_init_array
                0x08003814       0x48 c:/ac6/systemworkbench/plugins/fr.ac6.mcu.externaltools.arm-none.win32_1.16.0.201807130628/tools/compiler/bin/../lib/gcc/arm-none-eabi/7.2.1/../../../../arm-none-eabi/lib/thumb/v7e-m/fpv4-sp/hard\libc_nano.a(lib_a-init.o)
                0x08003814                __libc_init_array
 *(.glue_7)
 .glue_7        0x0800385c        0x0 linker stubs
 *(.glue_7t)
 .glue_7t       0x0800385c        0x0 linker stubs
 *(.eh_frame)
 .eh_frame      0x0800385c        0x0 c:/ac6/systemworkbench/plugins/fr.ac6.mcu.externaltools.arm-none.win32_1.16.0.201807130628/tools/compiler/bin/../lib/gcc/arm-none-eabi/7.2.1/thumb/v7e-m/fpv4-sp/hard/crtbegin.o
 *(.init)
 .init          0x0800385c        0x4 c:/ac6/systemworkbench/plugins/fr.ac6.mcu.externaltools.arm-none.win32_1.16.0.201807130628/tools/compiler/bin/../lib/gcc/arm-none-eabi/7.2.1/thumb/v7e-m/fpv4-sp/hard/crti.o
                0x0800385c                _init
 .init          0x08003860        0x8 c:/ac6/systemworkbench/plugins/fr.ac6.mcu.externaltools.arm-none.win32_1.16.0.201807130628/tools/compiler/bin/../lib/gcc/arm-none-eabi/7.2.1/thumb/v7e-m/fpv4-sp/hard/crtn.o
 *(.fini)
 .fini          0x08003868        0x4 c:/ac6/systemworkbench/plugins/fr.ac6.mcu.externaltools.arm-none.win32_1.16.0.201807130628/tools/compiler/bin/../lib/gcc/arm-none-eabi/7.2.1/thumb/v7e-m/fpv4-sp/hard/crti.o
                0x08003868                _fini
 .fini          0x0800386c        0x8 c:/ac6/systemworkbench/plugins/fr.ac6.mcu.externaltools.arm-none.win32_1.16.0.201807130628/tools/compiler/bin/../lib/gcc/arm-none-eabi/7.2.1/thumb/v7e-m/fpv4-sp/hard/crtn.o
                0x08003874                . = ALIGN (0x4)
                0x08003874                _etext = .

.vfp11_veneer   0x08003874        0x0
 .vfp11_veneer  0x08003874        0x0 linker stubs

.v4_bx          0x08003874        0x0
 .v4_bx         0x08003874        0x0 linker stubs

.iplt           0x08003874        0x0
 .iplt          0x08003874        0x0 c:/ac6/systemworkbench/plugins/fr.ac6.mcu.externaltools.arm-none.win32_1.16.0.201807130628/tools/compiler/bin/../lib/gcc/arm-none-eabi/7.2.1/thumb/v7e-m/fpv4-sp/hard/crtbegin.o

.rodata         0x08003874      0x150
                0x08003874                . = ALIGN (0x4)
 *(.rodata)
 .rodata        0x08003874       0x9e Middlewares/Third_Party/FatFs/src/ff.o
 *fill*         0x08003912        0x2 
 .rodata        0x08003914       0x14 Src/sd_diskio.o
                0x08003914                SD_Driver
 .rodata        0x08003928       0x18 Src/system_stm32f4xx.o
                0x08003928                AHBPrescTable
                0x08003938                APBPrescTable
 *(.rodata*)
 .rodata.str1.4
                0x08003940       0x44 Middlewares/Third_Party/FatFs/src/ff.o
 .rodata.str1.4
                0x08003984       0x40 Src/main.o
                                 0x41 (size before relaxing)
                0x080039c4                . = ALIGN (0x4)

.ARM.extab
 *(.ARM.extab* .gnu.linkonce.armextab.*)

.ARM            0x080039c4        0x8
                0x080039c4                __exidx_start = .
 *(.ARM.exidx*)
 .ARM.exidx     0x080039c4        0x8 c:/ac6/systemworkbench/plugins/fr.ac6.mcu.externaltools.arm-none.win32_1.16.0.201807130628/tools/compiler/bin/../lib/gcc/arm-none-eabi/7.2.1/thumb/v7e-m/fpv4-sp/hard\libgcc.a(_udivmoddi4.o)
                0x080039cc                __exidx_end = .

.rel.dyn        0x080039cc        0x0
 .rel.iplt      0x080039cc        0x0 c:/ac6/systemworkbench/plugins/fr.ac6.mcu.externaltools.arm-none.win32_1.16.0.201807130628/tools/compiler/bin/../lib/gcc/arm-none-eabi/7.2.1/thumb/v7e-m/fpv4-sp/hard/crtbegin.o

.preinit_array  0x080039cc        0x0
                0x080039cc                PROVIDE (__preinit_array_start, .)
 *(.preinit_array*)
                0x080039cc                PROVIDE (__preinit_array_end, .)

.init_array     0x080039cc        0x4
                0x080039cc                PROVIDE (__init_array_start, .)
 *(SORT_BY_NAME(.init_array.*))
 *(.init_array*)
 .init_array    0x080039cc        0x4 c:/ac6/systemworkbench/plugins/fr.ac6.mcu.externaltools.arm-none.win32_1.16.0.201807130628/tools/compiler/bin/../lib/gcc/arm-none-eabi/7.2.1/thumb/v7e-m/fpv4-sp/hard/crtbegin.o
                0x080039d0                PROVIDE (__init_array_end, .)

.fini_array     0x080039d0        0x4
                [!provide]                PROVIDE (__fini_array_start, .)
 *(SORT_BY_NAME(.fini_array.*))
 *(.fini_array*)
 .fini_array    0x080039d0        0x4 c:/ac6/systemworkbench/plugins/fr.ac6.mcu.externaltools.arm-none.win32_1.16.0.201807130628/tools/compiler/bin/../lib/gcc/arm-none-eabi/7.2.1/thumb/v7e-m/fpv4-sp/hard/crtbegin.o
                [!provide]                PROVIDE (__fini_array_end, .)
                0x080039d4                _sidata = LOADADDR (.data)

.data           0x20000000       0x10 load address 0x080039d4
                0x20000000                . = ALIGN (0x4)
                0x20000000                _sdata = .
 *(.data)
 .data          0x20000000        0x8 Drivers/STM32F4xx_HAL_Driver/Src/stm32f4xx_hal.o
                0x20000000                uwTickFreq
                0x20000004                uwTickPrio
 .data          0x20000008        0x1 Src/sd_diskio.o
 *fill*         0x20000009        0x3 
 .data          0x2000000c        0x4 Src/system_stm32f4xx.o
                0x2000000c                SystemCoreClock
 *(.data*)
                0x20000010                . = ALIGN (0x4)
                0x20000010                _edata = .

.igot.plt       0x20000010        0x0 load address 0x080039e4
 .igot.plt      0x20000010        0x0 c:/ac6/systemworkbench/plugins/fr.ac6.mcu.externaltools.arm-none.win32_1.16.0.201807130628/tools/compiler/bin/../lib/gcc/arm-none-eabi/7.2.1/thumb/v7e-m/fpv4-sp/hard/crtbegin.o
                0x20000010                . = ALIGN (0x4)

.bss            0x20000010      0x9a4 load address 0x080039e4
                0x20000010                _sbss = .
                0x20000010                __bss_start__ = _sbss
 *(.bss)
 .bss           0x20000010       0x1c c:/ac6/systemworkbench/plugins/fr.ac6.mcu.externaltools.arm-none.win32_1.16.0.201807130628/tools/compiler/bin/../lib/gcc/arm-none-eabi/7.2.1/thumb/v7e-m/fpv4-sp/hard/crtbegin.o
 .bss           0x2000002c       0x26 Middlewares/Third_Party/FatFs/src/ff.o
 *fill*         0x20000052        0x2 
 .bss           0x20000054        0xc Middlewares/Third_Party/FatFs/src/ff_gen_drv.o
                0x20000054                disk
 *(.bss*)
 *(COMMON)
 COMMON         0x20000060        0x4 Drivers/STM32F4xx_HAL_Driver/Src/stm32f4xx_hal.o
                0x20000060                uwTick
 COMMON         0x20000064      0x468 Src/fatfs.o
                0x20000064                retSD
                0x20000068                SDPath
                0x2000006c                SDFile
                0x2000029c                SDFatFS
 COMMON         0x200004cc      0x4e8 Src/main.o
                0x200004cc                FatFs
                0x200006fc                hsd
                0x20000780                result
                0x20000784                fil
                0x200009b4                . = ALIGN (0x4)
                0x200009b4                _ebss = .
                0x200009b4                __bss_end__ = _ebss

._user_heap_stack
                0x200009b4      0x604 load address 0x080039e4
                0x200009b8                . = ALIGN (0x8)
 *fill*         0x200009b4        0x4 
                [!provide]                PROVIDE (end, .)
                [!provide]                PROVIDE (_end, .)
                0x20000bb8                . = (. + _Min_Heap_Size)
 *fill*         0x200009b8      0x200 
                0x20000fb8                . = (. + _Min_Stack_Size)
 *fill*         0x20000bb8      0x400 
                0x20000fb8                . = ALIGN (0x8)

/DISCARD/
 libc.a(*)
 libm.a(*)
 libgcc.a(*)

.ARM.attributes
                0x00000000       0x30
 *(.ARM.attributes)
 .ARM.attributes
                0x00000000       0x22 c:/ac6/systemworkbench/plugins/fr.ac6.mcu.externaltools.arm-none.win32_1.16.0.201807130628/tools/compiler/bin/../lib/gcc/arm-none-eabi/7.2.1/thumb/v7e-m/fpv4-sp/hard/crti.o
 .ARM.attributes
                0x00000022       0x34 c:/ac6/systemworkbench/plugins/fr.ac6.mcu.externaltools.arm-none.win32_1.16.0.201807130628/tools/compiler/bin/../lib/gcc/arm-none-eabi/7.2.1/thumb/v7e-m/fpv4-sp/hard/crtbegin.o
 .ARM.attributes
                0x00000056       0x39 Drivers/STM32F4xx_HAL_Driver/Src/stm32f4xx_hal.o
 .ARM.attributes
                0x0000008f       0x39 Drivers/STM32F4xx_HAL_Driver/Src/stm32f4xx_hal_cortex.o
 .ARM.attributes
                0x000000c8       0x39 Drivers/STM32F4xx_HAL_Driver/Src/stm32f4xx_hal_gpio.o
 .ARM.attributes
                0x00000101       0x39 Drivers/STM32F4xx_HAL_Driver/Src/stm32f4xx_hal_rcc.o
 .ARM.attributes
                0x0000013a       0x39 Drivers/STM32F4xx_HAL_Driver/Src/stm32f4xx_hal_sd.o
 .ARM.attributes
                0x00000173       0x39 Drivers/STM32F4xx_HAL_Driver/Src/stm32f4xx_ll_sdmmc.o
 .ARM.attributes
                0x000001ac       0x39 Middlewares/Third_Party/FatFs/src/diskio.o
 .ARM.attributes
                0x000001e5       0x39 Middlewares/Third_Party/FatFs/src/ff.o
 .ARM.attributes
                0x0000021e       0x39 Middlewares/Third_Party/FatFs/src/ff_gen_drv.o
 .ARM.attributes
                0x00000257       0x39 Src/bsp_driver_sd.o
 .ARM.attributes
                0x00000290       0x39 Src/fatfs.o
 .ARM.attributes
                0x000002c9       0x39 Src/main.o
 .ARM.attributes
                0x00000302       0x39 Src/sd_diskio.o
 .ARM.attributes
                0x0000033b       0x39 Src/stm32f4xx_hal_msp.o
 .ARM.attributes
                0x00000374       0x39 Src/stm32f4xx_it.o
 .ARM.attributes
                0x000003ad       0x39 Src/system_stm32f4xx.o
 .ARM.attributes
                0x000003e6       0x21 startup/startup_stm32f401xe.o
 .ARM.attributes
                0x00000407       0x22 c:/ac6/systemworkbench/plugins/fr.ac6.mcu.externaltools.arm-none.win32_1.16.0.201807130628/tools/compiler/bin/../lib/gcc/arm-none-eabi/7.2.1/thumb/v7e-m/fpv4-sp/hard\libgcc.a(_aeabi_uldivmod.o)
 .ARM.attributes
                0x00000429       0x34 c:/ac6/systemworkbench/plugins/fr.ac6.mcu.externaltools.arm-none.win32_1.16.0.201807130628/tools/compiler/bin/../lib/gcc/arm-none-eabi/7.2.1/thumb/v7e-m/fpv4-sp/hard\libgcc.a(_udivmoddi4.o)
 .ARM.attributes
                0x0000045d       0x22 c:/ac6/systemworkbench/plugins/fr.ac6.mcu.externaltools.arm-none.win32_1.16.0.201807130628/tools/compiler/bin/../lib/gcc/arm-none-eabi/7.2.1/thumb/v7e-m/fpv4-sp/hard\libgcc.a(_dvmd_tls.o)
 .ARM.attributes
                0x0000047f       0x34 c:/ac6/systemworkbench/plugins/fr.ac6.mcu.externaltools.arm-none.win32_1.16.0.201807130628/tools/compiler/bin/../lib/gcc/arm-none-eabi/7.2.1/../../../../arm-none-eabi/lib/thumb/v7e-m/fpv4-sp/hard\libc_nano.a(lib_a-init.o)
 .ARM.attributes
                0x000004b3       0x22 c:/ac6/systemworkbench/plugins/fr.ac6.mcu.externaltools.arm-none.win32_1.16.0.201807130628/tools/compiler/bin/../lib/gcc/arm-none-eabi/7.2.1/thumb/v7e-m/fpv4-sp/hard/crtn.o
OUTPUT(SDIOEclipse.elf elf32-littlearm)

.debug_info     0x00000000    0x16af4
 .debug_info    0x00000000     0x1167 Drivers/STM32F4xx_HAL_Driver/Src/stm32f4xx_hal.o
 .debug_info    0x00001167     0x16bf Drivers/STM32F4xx_HAL_Driver/Src/stm32f4xx_hal_cortex.o
 .debug_info    0x00002826      0xfba Drivers/STM32F4xx_HAL_Driver/Src/stm32f4xx_hal_gpio.o
 .debug_info    0x000037e0     0x1285 Drivers/STM32F4xx_HAL_Driver/Src/stm32f4xx_hal_rcc.o
 .debug_info    0x00004a65     0x2a61 Drivers/STM32F4xx_HAL_Driver/Src/stm32f4xx_hal_sd.o
 .debug_info    0x000074c6     0x1e5c Drivers/STM32F4xx_HAL_Driver/Src/stm32f4xx_ll_sdmmc.o
 .debug_info    0x00009322      0xceb Middlewares/Third_Party/FatFs/src/diskio.o
 .debug_info    0x0000a00d     0x46e1 Middlewares/Third_Party/FatFs/src/ff.o
 .debug_info    0x0000e6ee      0xc6a Middlewares/Third_Party/FatFs/src/ff_gen_drv.o
 .debug_info    0x0000f358     0x1445 Src/bsp_driver_sd.o
 .debug_info    0x0001079d      0xd62 Src/fatfs.o
 .debug_info    0x000114ff     0x1b28 Src/main.o
 .debug_info    0x00013027      0xde0 Src/sd_diskio.o
 .debug_info    0x00013e07     0x1575 Src/stm32f4xx_hal_msp.o
 .debug_info    0x0001537c      0xa03 Src/stm32f4xx_it.o
 .debug_info    0x00015d7f      0xd53 Src/system_stm32f4xx.o
 .debug_info    0x00016ad2       0x22 startup/startup_stm32f401xe.o

.debug_abbrev   0x00000000     0x2b70
 .debug_abbrev  0x00000000      0x2e5 Drivers/STM32F4xx_HAL_Driver/Src/stm32f4xx_hal.o
 .debug_abbrev  0x000002e5      0x3d6 Drivers/STM32F4xx_HAL_Driver/Src/stm32f4xx_hal_cortex.o
 .debug_abbrev  0x000006bb      0x2a7 Drivers/STM32F4xx_HAL_Driver/Src/stm32f4xx_hal_gpio.o
 .debug_abbrev  0x00000962      0x333 Drivers/STM32F4xx_HAL_Driver/Src/stm32f4xx_hal_rcc.o
 .debug_abbrev  0x00000c95      0x2fc Drivers/STM32F4xx_HAL_Driver/Src/stm32f4xx_hal_sd.o
 .debug_abbrev  0x00000f91      0x2b7 Drivers/STM32F4xx_HAL_Driver/Src/stm32f4xx_ll_sdmmc.o
 .debug_abbrev  0x00001248      0x282 Middlewares/Third_Party/FatFs/src/diskio.o
 .debug_abbrev  0x000014ca      0x31e Middlewares/Third_Party/FatFs/src/ff.o
 .debug_abbrev  0x000017e8      0x276 Middlewares/Third_Party/FatFs/src/ff_gen_drv.o
 .debug_abbrev  0x00001a5e      0x307 Src/bsp_driver_sd.o
 .debug_abbrev  0x00001d65      0x23f Src/fatfs.o
 .debug_abbrev  0x00001fa4      0x2f7 Src/main.o
 .debug_abbrev  0x0000229b      0x272 Src/sd_diskio.o
 .debug_abbrev  0x0000250d      0x254 Src/stm32f4xx_hal_msp.o
 .debug_abbrev  0x00002761      0x1f8 Src/stm32f4xx_it.o
 .debug_abbrev  0x00002959      0x205 Src/system_stm32f4xx.o
 .debug_abbrev  0x00002b5e       0x12 startup/startup_stm32f401xe.o

.debug_loc      0x00000000     0x921c
 .debug_loc     0x00000000       0xfd Drivers/STM32F4xx_HAL_Driver/Src/stm32f4xx_hal.o
 .debug_loc     0x000000fd      0x5ce Drivers/STM32F4xx_HAL_Driver/Src/stm32f4xx_hal_cortex.o
 .debug_loc     0x000006cb      0x469 Drivers/STM32F4xx_HAL_Driver/Src/stm32f4xx_hal_gpio.o
 .debug_loc     0x00000b34      0x3f1 Drivers/STM32F4xx_HAL_Driver/Src/stm32f4xx_hal_rcc.o
 .debug_loc     0x00000f25     0x1ea7 Drivers/STM32F4xx_HAL_Driver/Src/stm32f4xx_hal_sd.o
 .debug_loc     0x00002dcc     0x10ed Drivers/STM32F4xx_HAL_Driver/Src/stm32f4xx_ll_sdmmc.o
 .debug_loc     0x00003eb9      0x1f1 Middlewares/Third_Party/FatFs/src/diskio.o
 .debug_loc     0x000040aa     0x458d Middlewares/Third_Party/FatFs/src/ff.o
 .debug_loc     0x00008637      0x24a Middlewares/Third_Party/FatFs/src/ff_gen_drv.o
 .debug_loc     0x00008881      0x417 Src/bsp_driver_sd.o
 .debug_loc     0x00008c98      0x3eb Src/sd_diskio.o
 .debug_loc     0x00009083       0x5b Src/stm32f4xx_hal_msp.o
 .debug_loc     0x000090de      0x13e Src/system_stm32f4xx.o

.debug_aranges  0x00000000      0xa28
 .debug_aranges
                0x00000000       0xe0 Drivers/STM32F4xx_HAL_Driver/Src/stm32f4xx_hal.o
 .debug_aranges
                0x000000e0       0xa8 Drivers/STM32F4xx_HAL_Driver/Src/stm32f4xx_hal_cortex.o
 .debug_aranges
                0x00000188       0x58 Drivers/STM32F4xx_HAL_Driver/Src/stm32f4xx_hal_gpio.o
 .debug_aranges
                0x000001e0       0x88 Drivers/STM32F4xx_HAL_Driver/Src/stm32f4xx_hal_rcc.o
 .debug_aranges
                0x00000268      0x168 Drivers/STM32F4xx_HAL_Driver/Src/stm32f4xx_hal_sd.o
 .debug_aranges
                0x000003d0      0x178 Drivers/STM32F4xx_HAL_Driver/Src/stm32f4xx_ll_sdmmc.o
 .debug_aranges
                0x00000548       0x48 Middlewares/Third_Party/FatFs/src/diskio.o
 .debug_aranges
                0x00000590      0x208 Middlewares/Third_Party/FatFs/src/ff.o
 .debug_aranges
                0x00000798       0x40 Middlewares/Third_Party/FatFs/src/ff_gen_drv.o
 .debug_aranges
                0x000007d8       0xc0 Src/bsp_driver_sd.o
 .debug_aranges
                0x00000898       0x28 Src/fatfs.o
 .debug_aranges
                0x000008c0       0x40 Src/main.o
 .debug_aranges
                0x00000900       0x48 Src/sd_diskio.o
 .debug_aranges
                0x00000948       0x30 Src/stm32f4xx_hal_msp.o
 .debug_aranges
                0x00000978       0x60 Src/stm32f4xx_it.o
 .debug_aranges
                0x000009d8       0x28 Src/system_stm32f4xx.o
 .debug_aranges
                0x00000a00       0x28 startup/startup_stm32f401xe.o

.debug_ranges   0x00000000      0x998
 .debug_ranges  0x00000000       0xd0 Drivers/STM32F4xx_HAL_Driver/Src/stm32f4xx_hal.o
 .debug_ranges  0x000000d0       0xf8 Drivers/STM32F4xx_HAL_Driver/Src/stm32f4xx_hal_cortex.o
 .debug_ranges  0x000001c8       0x48 Drivers/STM32F4xx_HAL_Driver/Src/stm32f4xx_hal_gpio.o
 .debug_ranges  0x00000210       0x90 Drivers/STM32F4xx_HAL_Driver/Src/stm32f4xx_hal_rcc.o
 .debug_ranges  0x000002a0      0x158 Drivers/STM32F4xx_HAL_Driver/Src/stm32f4xx_hal_sd.o
 .debug_ranges  0x000003f8      0x168 Drivers/STM32F4xx_HAL_Driver/Src/stm32f4xx_ll_sdmmc.o
 .debug_ranges  0x00000560       0x38 Middlewares/Third_Party/FatFs/src/diskio.o
 .debug_ranges  0x00000598      0x1f8 Middlewares/Third_Party/FatFs/src/ff.o
 .debug_ranges  0x00000790       0x30 Middlewares/Third_Party/FatFs/src/ff_gen_drv.o
 .debug_ranges  0x000007c0       0xb0 Src/bsp_driver_sd.o
 .debug_ranges  0x00000870       0x18 Src/fatfs.o
 .debug_ranges  0x00000888       0x30 Src/main.o
 .debug_ranges  0x000008b8       0x38 Src/sd_diskio.o
 .debug_ranges  0x000008f0       0x20 Src/stm32f4xx_hal_msp.o
 .debug_ranges  0x00000910       0x50 Src/stm32f4xx_it.o
 .debug_ranges  0x00000960       0x18 Src/system_stm32f4xx.o
 .debug_ranges  0x00000978       0x20 startup/startup_stm32f401xe.o

.debug_macro    0x00000000    0x17d3f
 .debug_macro   0x00000000      0x37c Drivers/STM32F4xx_HAL_Driver/Src/stm32f4xx_hal.o
 .debug_macro   0x0000037c      0xa60 Drivers/STM32F4xx_HAL_Driver/Src/stm32f4xx_hal.o
 .debug_macro   0x00000ddc       0x10 Drivers/STM32F4xx_HAL_Driver/Src/stm32f4xx_hal.o
 .debug_macro   0x00000dec      0x17a Drivers/STM32F4xx_HAL_Driver/Src/stm32f4xx_hal.o
 .debug_macro   0x00000f66       0x32 Drivers/STM32F4xx_HAL_Driver/Src/stm32f4xx_hal.o
 .debug_macro   0x00000f98       0x28 Drivers/STM32F4xx_HAL_Driver/Src/stm32f4xx_hal.o
 .debug_macro   0x00000fc0       0x22 Drivers/STM32F4xx_HAL_Driver/Src/stm32f4xx_hal.o
 .debug_macro   0x00000fe2       0x87 Drivers/STM32F4xx_HAL_Driver/Src/stm32f4xx_hal.o
 .debug_macro   0x00001069       0x51 Drivers/STM32F4xx_HAL_Driver/Src/stm32f4xx_hal.o
 .debug_macro   0x000010ba       0xef Drivers/STM32F4xx_HAL_Driver/Src/stm32f4xx_hal.o
 .debug_macro   0x000011a9       0x6a Drivers/STM32F4xx_HAL_Driver/Src/stm32f4xx_hal.o
 .debug_macro   0x00001213      0x1df Drivers/STM32F4xx_HAL_Driver/Src/stm32f4xx_hal.o
 .debug_macro   0x000013f2       0x35 Drivers/STM32F4xx_HAL_Driver/Src/stm32f4xx_hal.o
 .debug_macro   0x00001427       0x50 Drivers/STM32F4xx_HAL_Driver/Src/stm32f4xx_hal.o
 .debug_macro   0x00001477      0xe66 Drivers/STM32F4xx_HAL_Driver/Src/stm32f4xx_hal.o
 .debug_macro   0x000022dd     0xb71c Drivers/STM32F4xx_HAL_Driver/Src/stm32f4xx_hal.o
 .debug_macro   0x0000d9f9       0x43 Drivers/STM32F4xx_HAL_Driver/Src/stm32f4xx_hal.o
 .debug_macro   0x0000da3c     0x3535 Drivers/STM32F4xx_HAL_Driver/Src/stm32f4xx_hal.o
 .debug_macro   0x00010f71       0x58 Drivers/STM32F4xx_HAL_Driver/Src/stm32f4xx_hal.o
 .debug_macro   0x00010fc9       0x17 Drivers/STM32F4xx_HAL_Driver/Src/stm32f4xx_hal.o
 .debug_macro   0x00010fe0       0x35 Drivers/STM32F4xx_HAL_Driver/Src/stm32f4xx_hal.o
 .debug_macro   0x00011015       0x9c Drivers/STM32F4xx_HAL_Driver/Src/stm32f4xx_hal.o
 .debug_macro   0x000110b1       0x16 Drivers/STM32F4xx_HAL_Driver/Src/stm32f4xx_hal.o
 .debug_macro   0x000110c7       0x97 Drivers/STM32F4xx_HAL_Driver/Src/stm32f4xx_hal.o
 .debug_macro   0x0001115e      0x330 Drivers/STM32F4xx_HAL_Driver/Src/stm32f4xx_hal.o
 .debug_macro   0x0001148e       0xfd Drivers/STM32F4xx_HAL_Driver/Src/stm32f4xx_hal.o
 .debug_macro   0x0001158b       0x10 Drivers/STM32F4xx_HAL_Driver/Src/stm32f4xx_hal.o
 .debug_macro   0x0001159b       0x58 Drivers/STM32F4xx_HAL_Driver/Src/stm32f4xx_hal.o
 .debug_macro   0x000115f3       0x1f Drivers/STM32F4xx_HAL_Driver/Src/stm32f4xx_hal.o
 .debug_macro   0x00011612       0x43 Drivers/STM32F4xx_HAL_Driver/Src/stm32f4xx_hal.o
 .debug_macro   0x00011655       0x20 Drivers/STM32F4xx_HAL_Driver/Src/stm32f4xx_hal.o
 .debug_macro   0x00011675      0x18e Drivers/STM32F4xx_HAL_Driver/Src/stm32f4xx_hal.o
 .debug_macro   0x00011803       0x10 Drivers/STM32F4xx_HAL_Driver/Src/stm32f4xx_hal.o
 .debug_macro   0x00011813       0x1c Drivers/STM32F4xx_HAL_Driver/Src/stm32f4xx_hal.o
 .debug_macro   0x0001182f       0x52 Drivers/STM32F4xx_HAL_Driver/Src/stm32f4xx_hal.o
 .debug_macro   0x00011881       0x40 Drivers/STM32F4xx_HAL_Driver/Src/stm32f4xx_hal.o
 .debug_macro   0x000118c1       0x10 Drivers/STM32F4xx_HAL_Driver/Src/stm32f4xx_hal.o
 .debug_macro   0x000118d1       0x40 Drivers/STM32F4xx_HAL_Driver/Src/stm32f4xx_hal.o
 .debug_macro   0x00011911       0xd7 Drivers/STM32F4xx_HAL_Driver/Src/stm32f4xx_hal.o
 .debug_macro   0x000119e8       0x1c Drivers/STM32F4xx_HAL_Driver/Src/stm32f4xx_hal.o
 .debug_macro   0x00011a04       0x3d Drivers/STM32F4xx_HAL_Driver/Src/stm32f4xx_hal.o
 .debug_macro   0x00011a41       0x16 Drivers/STM32F4xx_HAL_Driver/Src/stm32f4xx_hal.o
 .debug_macro   0x00011a57      0x16f Drivers/STM32F4xx_HAL_Driver/Src/stm32f4xx_hal.o
 .debug_macro   0x00011bc6       0x50 Drivers/STM32F4xx_HAL_Driver/Src/stm32f4xx_hal.o
 .debug_macro   0x00011c16      0x416 Drivers/STM32F4xx_HAL_Driver/Src/stm32f4xx_hal.o
 .debug_macro   0x0001202c      0xa02 Drivers/STM32F4xx_HAL_Driver/Src/stm32f4xx_hal.o
 .debug_macro   0x00012a2e      0x11e Drivers/STM32F4xx_HAL_Driver/Src/stm32f4xx_hal.o
 .debug_macro   0x00012b4c       0xf8 Drivers/STM32F4xx_HAL_Driver/Src/stm32f4xx_hal.o
 .debug_macro   0x00012c44       0x27 Drivers/STM32F4xx_HAL_Driver/Src/stm32f4xx_hal.o
 .debug_macro   0x00012c6b      0x287 Drivers/STM32F4xx_HAL_Driver/Src/stm32f4xx_hal.o
 .debug_macro   0x00012ef2       0x5f Drivers/STM32F4xx_HAL_Driver/Src/stm32f4xx_hal.o
 .debug_macro   0x00012f51      0x23a Drivers/STM32F4xx_HAL_Driver/Src/stm32f4xx_hal.o
 .debug_macro   0x0001318b      0x13a Drivers/STM32F4xx_HAL_Driver/Src/stm32f4xx_hal.o
 .debug_macro   0x000132c5      0x264 Drivers/STM32F4xx_HAL_Driver/Src/stm32f4xx_hal.o
 .debug_macro   0x00013529       0x2e Drivers/STM32F4xx_HAL_Driver/Src/stm32f4xx_hal.o
 .debug_macro   0x00013557      0x11e Drivers/STM32F4xx_HAL_Driver/Src/stm32f4xx_hal.o
 .debug_macro   0x00013675       0x85 Drivers/STM32F4xx_HAL_Driver/Src/stm32f4xx_hal.o
 .debug_macro   0x000136fa       0x89 Drivers/STM32F4xx_HAL_Driver/Src/stm32f4xx_hal.o
 .debug_macro   0x00013783      0x845 Drivers/STM32F4xx_HAL_Driver/Src/stm32f4xx_hal.o
 .debug_macro   0x00013fc8      0x198 Drivers/STM32F4xx_HAL_Driver/Src/stm32f4xx_hal.o
 .debug_macro   0x00014160      0x12d Drivers/STM32F4xx_HAL_Driver/Src/stm32f4xx_hal.o
 .debug_macro   0x0001428d      0x31c Drivers/STM32F4xx_HAL_Driver/Src/stm32f4xx_hal_cortex.o
 .debug_macro   0x000145a9      0x354 Drivers/STM32F4xx_HAL_Driver/Src/stm32f4xx_hal_gpio.o
 .debug_macro   0x000148fd      0x340 Drivers/STM32F4xx_HAL_Driver/Src/stm32f4xx_hal_rcc.o
 .debug_macro   0x00014c3d      0x31d Drivers/STM32F4xx_HAL_Driver/Src/stm32f4xx_hal_sd.o
 .debug_macro   0x00014f5a      0x31d Drivers/STM32F4xx_HAL_Driver/Src/stm32f4xx_ll_sdmmc.o
 .debug_macro   0x00015277      0x39f Middlewares/Third_Party/FatFs/src/diskio.o
 .debug_macro   0x00015616       0x16 Middlewares/Third_Party/FatFs/src/diskio.o
 .debug_macro   0x0001562c       0x7c Middlewares/Third_Party/FatFs/src/diskio.o
 .debug_macro   0x000156a8       0x3a Middlewares/Third_Party/FatFs/src/diskio.o
 .debug_macro   0x000156e2       0xe7 Middlewares/Third_Party/FatFs/src/diskio.o
 .debug_macro   0x000157c9       0x16 Middlewares/Third_Party/FatFs/src/diskio.o
 .debug_macro   0x000157df       0x35 Middlewares/Third_Party/FatFs/src/diskio.o
 .debug_macro   0x00015814       0x16 Middlewares/Third_Party/FatFs/src/diskio.o
 .debug_macro   0x0001582a       0x29 Middlewares/Third_Party/FatFs/src/diskio.o
 .debug_macro   0x00015853       0x12 Middlewares/Third_Party/FatFs/src/diskio.o
 .debug_macro   0x00015865       0xdb Middlewares/Third_Party/FatFs/src/diskio.o
 .debug_macro   0x00015940      0x7a6 Middlewares/Third_Party/FatFs/src/ff.o
 .debug_macro   0x000160e6       0x8e Middlewares/Third_Party/FatFs/src/ff.o
 .debug_macro   0x00016174       0x4c Middlewares/Third_Party/FatFs/src/ff.o
 .debug_macro   0x000161c0      0x39f Middlewares/Third_Party/FatFs/src/ff_gen_drv.o
 .debug_macro   0x0001655f      0x32b Src/bsp_driver_sd.o
 .debug_macro   0x0001688a       0x34 Src/bsp_driver_sd.o
 .debug_macro   0x000168be      0x3b2 Src/fatfs.o
 .debug_macro   0x00016c70      0x3b6 Src/main.o
 .debug_macro   0x00017026      0x3b5 Src/sd_diskio.o
 .debug_macro   0x000173db      0x31c Src/stm32f4xx_hal_msp.o
 .debug_macro   0x000176f7      0x326 Src/stm32f4xx_it.o
 .debug_macro   0x00017a1d      0x322 Src/system_stm32f4xx.o

.debug_line     0x00000000     0xac5d
 .debug_line    0x00000000      0x9c9 Drivers/STM32F4xx_HAL_Driver/Src/stm32f4xx_hal.o
 .debug_line    0x000009c9      0xa24 Drivers/STM32F4xx_HAL_Driver/Src/stm32f4xx_hal_cortex.o
 .debug_line    0x000013ed      0x94e Drivers/STM32F4xx_HAL_Driver/Src/stm32f4xx_hal_gpio.o
 .debug_line    0x00001d3b      0xa60 Drivers/STM32F4xx_HAL_Driver/Src/stm32f4xx_hal_rcc.o
 .debug_line    0x0000279b     0x1021 Drivers/STM32F4xx_HAL_Driver/Src/stm32f4xx_hal_sd.o
 .debug_line    0x000037bc      0xc66 Drivers/STM32F4xx_HAL_Driver/Src/stm32f4xx_ll_sdmmc.o
 .debug_line    0x00004422      0x8c3 Middlewares/Third_Party/FatFs/src/diskio.o
 .debug_line    0x00004ce5     0x1908 Middlewares/Third_Party/FatFs/src/ff.o
 .debug_line    0x000065ed      0x8cb Middlewares/Third_Party/FatFs/src/ff_gen_drv.o
 .debug_line    0x00006eb8      0x958 Src/bsp_driver_sd.o
 .debug_line    0x00007810      0x8c8 Src/fatfs.o
 .debug_line    0x000080d8      0x928 Src/main.o
 .debug_line    0x00008a00      0x93d Src/sd_diskio.o
 .debug_line    0x0000933d      0x822 Src/stm32f4xx_hal_msp.o
 .debug_line    0x00009b5f      0x86f Src/stm32f4xx_it.o
 .debug_line    0x0000a3ce      0x810 Src/system_stm32f4xx.o
 .debug_line    0x0000abde       0x7f startup/startup_stm32f401xe.o

.debug_str      0x00000000    0x848c7
 .debug_str     0x00000000    0x80ef1 Drivers/STM32F4xx_HAL_Driver/Src/stm32f4xx_hal.o
                              0x812e1 (size before relaxing)
 .debug_str     0x00080ef1      0x3ae Drivers/STM32F4xx_HAL_Driver/Src/stm32f4xx_hal_cortex.o
                              0x81011 (size before relaxing)
 .debug_str     0x0008129f      0x292 Drivers/STM32F4xx_HAL_Driver/Src/stm32f4xx_hal_gpio.o
                              0x80b18 (size before relaxing)
 .debug_str     0x00081531      0x384 Drivers/STM32F4xx_HAL_Driver/Src/stm32f4xx_hal_rcc.o
                              0x80ce2 (size before relaxing)
 .debug_str     0x000818b5      0xe05 Drivers/STM32F4xx_HAL_Driver/Src/stm32f4xx_hal_sd.o
                              0x816be (size before relaxing)
 .debug_str     0x000826ba      0x1fc Drivers/STM32F4xx_HAL_Driver/Src/stm32f4xx_ll_sdmmc.o
                              0x80d30 (size before relaxing)
 .debug_str     0x000828b6      0x8f5 Middlewares/Third_Party/FatFs/src/diskio.o
                              0x81011 (size before relaxing)
 .debug_str     0x000831ab     0x121b Middlewares/Third_Party/FatFs/src/ff.o
                              0x8224b (size before relaxing)
 .debug_str     0x000843c6       0xa2 Middlewares/Third_Party/FatFs/src/ff_gen_drv.o
                              0x81062 (size before relaxing)
 .debug_str     0x00084468      0x1c8 Src/bsp_driver_sd.o
                              0x8105e (size before relaxing)
 .debug_str     0x00084630       0x5d Src/fatfs.o
                              0x810f0 (size before relaxing)
 .debug_str     0x0008468d       0x4d Src/main.o
                              0x81d60 (size before relaxing)
 .debug_str     0x000846da       0x90 Src/sd_diskio.o
                              0x81121 (size before relaxing)
 .debug_str     0x0008476a       0x1b Src/stm32f4xx_hal_msp.o
                              0x81143 (size before relaxing)
 .debug_str     0x00084785       0xb8 Src/stm32f4xx_it.o
                              0x807e2 (size before relaxing)
 .debug_str     0x0008483d       0x5a Src/system_stm32f4xx.o
                              0x808d4 (size before relaxing)
 .debug_str     0x00084897       0x30 startup/startup_stm32f401xe.o
                                 0x6c (size before relaxing)

.comment        0x00000000       0x7e
 .comment       0x00000000       0x7e Drivers/STM32F4xx_HAL_Driver/Src/stm32f4xx_hal.o
                                 0x7f (size before relaxing)
 .comment       0x0000007e       0x7f Drivers/STM32F4xx_HAL_Driver/Src/stm32f4xx_hal_cortex.o
 .comment       0x0000007e       0x7f Drivers/STM32F4xx_HAL_Driver/Src/stm32f4xx_hal_gpio.o
 .comment       0x0000007e       0x7f Drivers/STM32F4xx_HAL_Driver/Src/stm32f4xx_hal_rcc.o
 .comment       0x0000007e       0x7f Drivers/STM32F4xx_HAL_Driver/Src/stm32f4xx_hal_sd.o
 .comment       0x0000007e       0x7f Drivers/STM32F4xx_HAL_Driver/Src/stm32f4xx_ll_sdmmc.o
 .comment       0x0000007e       0x7f Middlewares/Third_Party/FatFs/src/diskio.o
 .comment       0x0000007e       0x7f Middlewares/Third_Party/FatFs/src/ff.o
 .comment       0x0000007e       0x7f Middlewares/Third_Party/FatFs/src/ff_gen_drv.o
 .comment       0x0000007e       0x7f Src/bsp_driver_sd.o
 .comment       0x0000007e       0x7f Src/fatfs.o
 .comment       0x0000007e       0x7f Src/main.o
 .comment       0x0000007e       0x7f Src/sd_diskio.o
 .comment       0x0000007e       0x7f Src/stm32f4xx_hal_msp.o
 .comment       0x0000007e       0x7f Src/stm32f4xx_it.o
 .comment       0x0000007e       0x7f Src/system_stm32f4xx.o

.debug_frame    0x00000000     0x1ce0
 .debug_frame   0x00000000      0x1cc Drivers/STM32F4xx_HAL_Driver/Src/stm32f4xx_hal.o
 .debug_frame   0x000001cc      0x15c Drivers/STM32F4xx_HAL_Driver/Src/stm32f4xx_hal_cortex.o
 .debug_frame   0x00000328       0xd8 Drivers/STM32F4xx_HAL_Driver/Src/stm32f4xx_hal_gpio.o
 .debug_frame   0x00000400      0x184 Drivers/STM32F4xx_HAL_Driver/Src/stm32f4xx_hal_rcc.o
 .debug_frame   0x00000584      0x4b8 Drivers/STM32F4xx_HAL_Driver/Src/stm32f4xx_hal_sd.o
 .debug_frame   0x00000a3c      0x494 Drivers/STM32F4xx_HAL_Driver/Src/stm32f4xx_ll_sdmmc.o
 .debug_frame   0x00000ed0       0xa0 Middlewares/Third_Party/FatFs/src/diskio.o
 .debug_frame   0x00000f70      0x7dc Middlewares/Third_Party/FatFs/src/ff.o
 .debug_frame   0x0000174c       0x7c Middlewares/Third_Party/FatFs/src/ff_gen_drv.o
 .debug_frame   0x000017c8      0x1e0 Src/bsp_driver_sd.o
 .debug_frame   0x000019a8       0x38 Src/fatfs.o
 .debug_frame   0x000019e0       0x80 Src/main.o
 .debug_frame   0x00001a60       0xb0 Src/sd_diskio.o
 .debug_frame   0x00001b10       0x6c Src/stm32f4xx_hal_msp.o
 .debug_frame   0x00001b7c       0xa8 Src/stm32f4xx_it.o
 .debug_frame   0x00001c24       0x30 Src/system_stm32f4xx.o
 .debug_frame   0x00001c54       0x2c c:/ac6/systemworkbench/plugins/fr.ac6.mcu.externaltools.arm-none.win32_1.16.0.201807130628/tools/compiler/bin/../lib/gcc/arm-none-eabi/7.2.1/thumb/v7e-m/fpv4-sp/hard\libgcc.a(_aeabi_uldivmod.o)
 .debug_frame   0x00001c80       0x34 c:/ac6/systemworkbench/plugins/fr.ac6.mcu.externaltools.arm-none.win32_1.16.0.201807130628/tools/compiler/bin/../lib/gcc/arm-none-eabi/7.2.1/thumb/v7e-m/fpv4-sp/hard\libgcc.a(_udivmoddi4.o)
 .debug_frame   0x00001cb4       0x2c c:/ac6/systemworkbench/plugins/fr.ac6.mcu.externaltools.arm-none.win32_1.16.0.201807130628/tools/compiler/bin/../lib/gcc/arm-none-eabi/7.2.1/../../../../arm-none-eabi/lib/thumb/v7e-m/fpv4-sp/hard\libc_nano.a(lib_a-init.o)
